// Jest Snapshot v1, https://goo.gl/fbAQLP

exports[`App should match snapshot 1`] = `
<div
  className="app-container"
>
  <span>
    Test
  </span>
  <Calculator />
</div>
`;
